{
  "languages": {
    "python": {
      "overrides": {
        "act.rename-symbol": "force"
      }
    }
  }
}
